// Vitest Snapshot v1, https://vitest.dev/guide/snapshot.html

exports[`Certificates > should be written to the file 1`] = `
"goat: {}
"
`;

exports[`Certificates > should be written to the file 2`] = `
"-----BEGIN PRIVATE KEY-----
		test
		-----END PRIVATE KEY-----"
`;

exports[`Certificates > should be written to the file 3`] = `
"-----BEGIN PRIVATE KEY-----
		test
		-----END PRIVATE KEY-----"
`;
